2026-09-27 20:23:58.833: [INFO] CurrentProfilePath: C:\Users\HP\AppData\Local\Temp\flutter_tools.4d63b7c8\flutter_tools_chrome_device.33e66fe0\Default
2026-09-27 20:23:58.833: [INFO] Profiles total count: 1
2026-09-27 20:23:58.833: [INFO] Profile: name=Profile 1 path=C:\Users\HP\AppData\Local\Temp\flutter_tools.4d63b7c8\flutter_tools_chrome_device.33e66fe0\Default lastActive=null
2026-09-27 20:23:58.833: [INFO] LastUsedProfileDir: C:\Users\HP\AppData\Local\Temp\flutter_tools.4d63b7c8\flutter_tools_chrome_device.33e66fe0\Default
2026-09-27 20:23:58.833: [INFO] VisibilityChanged: 0
2026-09-27 20:23:58.882: [INFO] RecordSyncInitDuration has_sync_been_enabled: 0 state: 0
2026-09-27 20:23:58.883: [INFO] RecordSyncInitDuration has_sync_been_enabled: 0 state: 0
2026-09-27 20:23:58.884: [INFO] RecordSyncInitDuration has_sync_been_enabled: 0 state: 0
2026-09-27 20:23:58.886: [INFO] RecordSyncInitDuration has_sync_been_enabled: 0 state: 0
2026-09-27 20:23:58.887: [INFO] RecordSyncInitDuration has_sync_been_enabled: 0 state: 0
2026-09-27 20:23:58.890: [INFO] RecordSyncInitDuration has_sync_been_enabled: 0 state: 0
2026-09-27 20:23:58.892: [INFO] RecordSyncInitDuration has_sync_been_enabled: 0 state: 0
2026-09-27 20:23:58.894: [INFO] RecordSyncInitDuration has_sync_been_enabled: 0 state: 0
2026-09-27 20:23:58.896: [INFO] RecordSyncInitDuration has_sync_been_enabled: 0 state: 0
2026-09-27 20:23:58.898: [INFO] RecordSyncInitDuration has_sync_been_enabled: 0 state: 0
2026-09-27 20:23:58.935: [INFO] OnDoneLoading sync enabled: 0
2026-09-27 20:23:58.935: [INFO] BookmarkModelLoaded, ids_reassigned: 0
2026-09-27 20:23:58.935: [INFO] BookmarksLoadDropped droppedNodes=0
2026-09-27 20:23:58.935: [INFO] BookmarksSnapshot Startup total=0 bar=0 other=0 mobile=0 showBar=0 showBarNTP=1
2026-09-27 20:23:59.060: [INFO] RecordSyncInitDuration has_sync_been_enabled: 0 state: 0
2026-09-27 20:24:30.209: [INFO] BookmarksSnapshot Shutdown total=0 bar=0 other=0 mobile=0 showBar=0 showBarNTP=1
